
int Body_Body_compute_force();
int Body_Body_body_update();
int Body_Body_initialize_merge();
int Body_Body_prepare_merge();
int Body_Body_update_merge();
int Body_Body_delete_merged();
int parallel_new_Body(int object_num);
int AllocatorInitialize();
int Body_do_all(void (*pf)(int, int, float, float, float, float, float, float, float, bool, bool));
int AllocatorUninitialize();
