
int Body_Body_compute_force();
int Body_Body_update();
int parallel_new_Body(int object_num);
int AllocatorInitialize();
int Body_do_all(void (*pf)(int, float, float, float, float, float, float, float));
int AllocatorUninitialize();
