pygame 2.0.1 (SDL 2.0.14, Python 3.7.5)
Hello from the pygame community. https://www.pygame.org/contribute.html
7983
